
R version 3.6.2 (2019-12-12) -- "Dark and Stormy Night"
Copyright (C) 2019 The R Foundation for Statistical Computing
Platform: x86_64-w64-mingw32/x64 (64-bit)

R is free software and comes with ABSOLUTELY NO WARRANTY.
You are welcome to redistribute it under certain conditions.
Type 'license()' or 'licence()' for distribution details.

  Natural language support but running in an English locale

R is a collaborative project with many contributors.
Type 'contributors()' for more information and
'citation()' on how to cite R or R packages in publications.

Type 'demo()' for some demos, 'help()' for on-line help, or
'help.start()' for an HTML browser interface to help.
Type 'q()' to quit R.

> library(readr)
> student_mat <- read_csv("C:/Users/Shanmukh/Downloads/student-mat.csv")
Parsed with column specification:
cols(
  .default = col_character(),
  age = col_double(),
  Medu = col_double(),
  Fedu = col_double(),
  traveltime = col_double(),
  studytime = col_double(),
  failures = col_double(),
  famrel = col_double(),
  freetime = col_double(),
  goout = col_double(),
  Dalc = col_double(),
  Walc = col_double(),
  health = col_double(),
  absences = col_double(),
  G1 = col_double(),
  G2 = col_double(),
  G3 = col_double()
)
See spec(...) for full column specifications.
> View(student_mat)
> factor_internet = factor(student_mat$internet)
> factor_romantic = factor(student_mat$romantic)
> factor_higher = factor(student_mat$higher)
> factor_nursery = factor(student_mat$nursery)
> factor_activities = factor(student_mat$activities)
> factor_paid = factor(student_mat$paid)
> factor_famsup = factor(student_mat$famsup)
> factor_schoolsup = factor(student_mat$schoolsup)
> factor_guardian = factor(student_mat$guardian)
> factor_sex = factor(student_mat$sex)
> factor_school = factor(student_mat$school)
> factor_address = factor(student_mat$address)
> factor_famsize = factor(student_mat$famsize)
> factor_pstatus = factor(student_mat$Pstatus)
> factor_mjob = factor(student_mat$Mjob)
> factor_fjob = factor(student_mat$Fjob)
> factor_reason = factor(student_mat$reason)
> factor_studytime = factor(student_mat$studytime)
> factor_famrel = factor(student_mat$famrel)
> factor_walc = factor(student_mat$Walc)
> factor_dalc = factor(student_mat$Dalc)
> factor_health = factor(student_mat$health)
> factor_travel = factor(student_mat$traveltime)
> factor_fail1 = as.numeric(student_mat$failures > 0)
> factor_medu = factor(student_mat$Medu)
> factor_fedu = factor(student_mat$Fedu)
> ols = lm(G3 ~ G2 + G1 + absences + factor_fail1 + factor_schoolsup + factor_famsup + factor_romantic + factor_school + factor_studytime + factor_famrel + factor_health + factor_travel + factor_internet + factor_activities, data = student_mat)
> summary(ols)

Call:
lm(formula = G3 ~ G2 + G1 + absences + factor_fail1 + factor_schoolsup + 
    factor_famsup + factor_romantic + factor_school + factor_studytime + 
    factor_famrel + factor_health + factor_travel + factor_internet + 
    factor_activities, data = student_mat)

Residuals:
    Min      1Q  Median      3Q     Max 
-9.0032 -0.5312  0.2556  1.0227  3.8744 

Coefficients:
                     Estimate Std. Error t value Pr(>|t|)    
(Intercept)          -2.14383    0.85973  -2.494 0.013081 *  
G2                    0.97127    0.04991  19.458  < 2e-16 ***
G1                    0.17076    0.05725   2.983 0.003044 ** 
absences              0.04716    0.01214   3.884 0.000122 ***
factor_fail1         -0.75841    0.25263  -3.002 0.002864 ** 
factor_schoolsupyes   0.50713    0.29485   1.720 0.086280 .  
factor_famsupyes      0.17967    0.20175   0.891 0.373745    
factor_romanticyes   -0.42774    0.21204  -2.017 0.044393 *  
factor_schoolMS       0.21781    0.31944   0.682 0.495764    
factor_studytime2    -0.15622    0.23536  -0.664 0.507260    
factor_studytime3    -0.12898    0.31455  -0.410 0.682012    
factor_studytime4    -0.91078    0.42128  -2.162 0.031262 *  
factor_famrel2       -0.62222    0.81584  -0.763 0.446149    
factor_famrel3        0.26557    0.72149   0.368 0.713019    
factor_famrel4        0.41024    0.69711   0.588 0.556567    
factor_famrel5        0.79622    0.70724   1.126 0.260969    
factor_health2       -0.56418    0.39447  -1.430 0.153496    
factor_health3        0.23857    0.34794   0.686 0.493355    
factor_health4        0.08740    0.36832   0.237 0.812560    
factor_health5        0.15844    0.32228   0.492 0.623269    
factor_travel2       -0.03192    0.22342  -0.143 0.886475    
factor_travel3       -0.08688    0.42729  -0.203 0.838998    
factor_travel4        1.35596    0.68264   1.986 0.047733 *  
factor_internetyes   -0.11317    0.26301  -0.430 0.667247    
factor_activitiesyes -0.26102    0.19077  -1.368 0.172069    
---
Signif. codes:  0 ‘***’ 0.001 ‘**’ 0.01 ‘*’ 0.05 ‘.’ 0.1 ‘ ’ 1

Residual standard error: 1.856 on 370 degrees of freedom
Multiple R-squared:  0.8459,	Adjusted R-squared:  0.836 
F-statistic: 84.66 on 24 and 370 DF,  p-value: < 2.2e-16

> plot(student_mat$G3, student_mat$G2)
> plot(ols)
Hit <Return> to see next plot: 
Hit <Return> to see next plot: 
Hit <Return> to see next plot: 
Hit <Return> to see next plot: 
> 
> columns = c("G3", "G2", "G1", "absences", "factor_fail1", "factor_schoolsup", "factor_famsup", "factor_romantic", "factor_school", "factor_studytime", "factor_famrel", "factor_health", "factor_travel", "factor_internet", "factor_activities")
> pairs(student_mat[,columns])
Error: Can't find columns `factor_fail1`, `factor_schoolsup`, `factor_famsup`, `factor_romantic`, `factor_school`, ... (and 6 more) in `.data`.
Run `rlang::last_error()` to see where the error occurred.
> pairs(student_mat[,columns], data = student_mat)
Error: Can't find columns `factor_fail1`, `factor_schoolsup`, `factor_famsup`, `factor_romantic`, `factor_school`, ... (and 6 more) in `.data`.
Run `rlang::last_error()` to see where the error occurred.
> student_mat = data.frame(student_mat, factor_health, factor_higher, factor_internet, factor_medu, factor_mjob, factor_nursery, factor_paid, factor_pstatus, factor_reason, factor_romantic, factor_school)
> student_mat = data.frame(student_mat, factor_schoolsup, factor_sex, factor_studytime, factor_travel, factor_walc, factor_activities, factor_address, factor_dalc, factor_fail1, factor_famrel, factor_famsize, factor_famsup, factor_fedu, factor_fjob, factor_guardian)
> 
> columns = c("G3", "G2", "G1", "absences", "factor_fail1", "factor_schoolsup", "factor_famsup", "factor_romantic", "factor_school", "factor_studytime", "factor_famrel", "factor_health", "factor_travel", "factor_internet", "factor_activities")
> 
> pairs(student_mat[,columns])
> 
> install.packages('caTools')
WARNING: Rtools is required to build R packages but is not currently installed. Please download and install the appropriate version of Rtools before proceeding:

https://cran.rstudio.com/bin/windows/Rtools/
Installing package into ‘C:/Users/Shanmukh/Documents/R/win-library/3.6’
(as ‘lib’ is unspecified)
also installing the dependency ‘bitops’

trying URL 'https://cran.rstudio.com/bin/windows/contrib/3.6/bitops_1.0-6.zip'
Content type 'application/zip' length 38469 bytes (37 KB)
downloaded 37 KB

trying URL 'https://cran.rstudio.com/bin/windows/contrib/3.6/caTools_1.18.0.zip'
Content type 'application/zip' length 330531 bytes (322 KB)
downloaded 322 KB

package ‘bitops’ successfully unpacked and MD5 sums checked
package ‘caTools’ successfully unpacked and MD5 sums checked

The downloaded binary packages are in
	C:\Users\Shanmukh\AppData\Local\Temp\RtmpCANEjS\downloaded_packages
Warning messages:
1: In doTryCatch(return(expr), name, parentenv, handler) :
  display list redraw incomplete
2: In doTryCatch(return(expr), name, parentenv, handler) :
  invalid graphics state
3: In doTryCatch(return(expr), name, parentenv, handler) :
  invalid graphics state
> library(caTools)
> set.seed(123)
> split = sample.split(student_mat, SplitRatio = 0.80)
> train = subset(student_mat, split==TRUE)
> test = subset(student_mat, split==FALSE)
> View(test)
> View(train)
> model = lm(G3 ~ G2 + G1 + absences + factor_fail1 + factor_schoolsup + factor_famsup + factor_romantic + factor_school + factor_studytime + factor_famrel + factor_health + factor_travel + factor_internet + factor_activities, data = train)
> summary(model)

Call:
lm(formula = G3 ~ G2 + G1 + absences + factor_fail1 + factor_schoolsup + 
    factor_famsup + factor_romantic + factor_school + factor_studytime + 
    factor_famrel + factor_health + factor_travel + factor_internet + 
    factor_activities, data = train)

Residuals:
    Min      1Q  Median      3Q     Max 
-8.8187 -0.5101  0.2129  1.0250  3.5659 

Coefficients:
                     Estimate Std. Error t value Pr(>|t|)    
(Intercept)          -3.65313    1.48370  -2.462 0.014395 *  
G2                    0.97325    0.05371  18.122  < 2e-16 ***
G1                    0.17212    0.06394   2.692 0.007524 ** 
absences              0.05254    0.01407   3.734 0.000227 ***
factor_fail1         -0.65931    0.28842  -2.286 0.022983 *  
factor_schoolsupyes   0.59505    0.32811   1.814 0.070783 .  
factor_famsupyes      0.03535    0.22917   0.154 0.877510    
factor_romanticyes   -0.33957    0.24076  -1.410 0.159499    
factor_schoolMS       0.25241    0.36370   0.694 0.488249    
factor_studytime2    -0.06291    0.26543  -0.237 0.812809    
factor_studytime3    -0.16154    0.35356  -0.457 0.648087    
factor_studytime4    -0.65089    0.48403  -1.345 0.179770    
factor_famrel2        0.44581    1.44572   0.308 0.758027    
factor_famrel3        1.86282    1.38411   1.346 0.179407    
factor_famrel4        1.74368    1.37054   1.272 0.204308    
factor_famrel5        2.22021    1.37594   1.614 0.107710    
factor_health2       -0.40397    0.44312  -0.912 0.362713    
factor_health3        0.33646    0.38959   0.864 0.388513    
factor_health4        0.18222    0.40032   0.455 0.649325    
factor_health5        0.34035    0.36214   0.940 0.348086    
factor_travel2       -0.28306    0.25746  -1.099 0.272504    
factor_travel3       -0.17977    0.47492  -0.379 0.705314    
factor_travel4        0.99386    0.79534   1.250 0.212456    
factor_internetyes   -0.17671    0.29198  -0.605 0.545517    
factor_activitiesyes -0.24739    0.21570  -1.147 0.252371    
---
Signif. codes:  0 ‘***’ 0.001 ‘**’ 0.01 ‘*’ 0.05 ‘.’ 0.1 ‘ ’ 1

Residual standard error: 1.865 on 288 degrees of freedom
Multiple R-squared:  0.8545,	Adjusted R-squared:  0.8424 
F-statistic: 70.47 on 24 and 288 DF,  p-value: < 2.2e-16

> y_test = test[,33]
> x_test = test[,-33]
> prediction = predict(model, x_test)
> summary(prediction)
   Min. 1st Qu.  Median    Mean 3rd Qu.    Max. 
 -2.551   7.999  10.442  10.308  12.755  18.987 
> levels(y_test)
NULL
> levels(prediction)
NULL
> class(prediction)
[1] "numeric"
> class(y_test)
[1] "numeric"
> install.packages("Metrics")
WARNING: Rtools is required to build R packages but is not currently installed. Please download and install the appropriate version of Rtools before proceeding:

https://cran.rstudio.com/bin/windows/Rtools/
Installing package into ‘C:/Users/Shanmukh/Documents/R/win-library/3.6’
(as ‘lib’ is unspecified)
trying URL 'https://cran.rstudio.com/bin/windows/contrib/3.6/Metrics_0.1.4.zip'
Content type 'application/zip' length 83750 bytes (81 KB)
downloaded 81 KB

package ‘Metrics’ successfully unpacked and MD5 sums checked

The downloaded binary packages are in
	C:\Users\Shanmukh\AppData\Local\Temp\RtmpCANEjS\downloaded_packages
> library("Metrics", lib.loc="~/R/win-library/3.6")
> rmse(y_test, prediction)
[1] 1.930958
> plot(y_test, prediction)
Error in plot.new() : figure margins too large
> plot(y_test, prediction)
There were 15 warnings (use warnings() to see them)
> warnings()
Warning messages:
1: In doTryCatch(return(expr), name, parentenv, handler) :
  display list redraw incomplete
2: In doTryCatch(return(expr), name, parentenv, handler) : invalid graphics state
3: In doTryCatch(return(expr), name, parentenv, handler) : invalid graphics state
4: In doTryCatch(return(expr), name, parentenv, handler) :
  display list redraw incomplete
5: In doTryCatch(return(expr), name, parentenv, handler) : invalid graphics state
6: In doTryCatch(return(expr), name, parentenv, handler) : invalid graphics state
7: In doTryCatch(return(expr), name, parentenv, handler) :
  display list redraw incomplete
8: In doTryCatch(return(expr), name, parentenv, handler) : invalid graphics state
9: In doTryCatch(return(expr), name, parentenv, handler) : invalid graphics state
10: In doTryCatch(return(expr), name, parentenv, handler) :
  display list redraw incomplete
11: In doTryCatch(return(expr), name, parentenv, handler) :
  invalid graphics state
12: In doTryCatch(return(expr), name, parentenv, handler) :
  invalid graphics state
13: In doTryCatch(return(expr), name, parentenv, handler) :
  display list redraw incomplete
14: In doTryCatch(return(expr), name, parentenv, handler) :
  invalid graphics state
15: In doTryCatch(return(expr), name, parentenv, handler) :
  invalid graphics state
> library("car", lib.loc="~/R/win-library/3.5")
Error in library("car", lib.loc = "~/R/win-library/3.5") : 
  no library trees found in 'lib.loc'
> vif(ols)
Error in vif(ols) : could not find function "vif"
> summary(vif(ols))
Error in vif(ols) : could not find function "vif"
> install.packages("car")
WARNING: Rtools is required to build R packages but is not currently installed. Please download and install the appropriate version of Rtools before proceeding:

https://cran.rstudio.com/bin/windows/Rtools/
Installing package into ‘C:/Users/Shanmukh/Documents/R/win-library/3.6’
(as ‘lib’ is unspecified)
also installing the dependencies ‘rematch’, ‘prettyunits’, ‘cellranger’, ‘progress’, ‘zip’, ‘stringi’, ‘SparseM’, ‘MatrixModels’, ‘sp’, ‘curl’, ‘data.table’, ‘readxl’, ‘openxlsx’, ‘minqa’, ‘nloptr’, ‘RcppEigen’, ‘carData’, ‘abind’, ‘pbkrtest’, ‘quantreg’, ‘maptools’, ‘rio’, ‘lme4’

trying URL 'https://cran.rstudio.com/bin/windows/contrib/3.6/rematch_1.0.1.zip'
Content type 'application/zip' length 16191 bytes (15 KB)
downloaded 15 KB

trying URL 'https://cran.rstudio.com/bin/windows/contrib/3.6/prettyunits_1.1.1.zip'
Content type 'application/zip' length 37969 bytes (37 KB)
downloaded 37 KB

trying URL 'https://cran.rstudio.com/bin/windows/contrib/3.6/cellranger_1.1.0.zip'
Content type 'application/zip' length 104929 bytes (102 KB)
downloaded 102 KB

trying URL 'https://cran.rstudio.com/bin/windows/contrib/3.6/progress_1.2.2.zip'
Content type 'application/zip' length 85697 bytes (83 KB)
downloaded 83 KB

trying URL 'https://cran.rstudio.com/bin/windows/contrib/3.6/zip_2.0.4.zip'
Content type 'application/zip' length 443348 bytes (432 KB)
downloaded 432 KB

trying URL 'https://cran.rstudio.com/bin/windows/contrib/3.6/stringi_1.4.6.zip'
Content type 'application/zip' length 15310634 bytes (14.6 MB)
downloaded 14.6 MB

trying URL 'https://cran.rstudio.com/bin/windows/contrib/3.6/SparseM_1.78.zip'
Content type 'application/zip' length 1070197 bytes (1.0 MB)
downloaded 1.0 MB

trying URL 'https://cran.rstudio.com/bin/windows/contrib/3.6/MatrixModels_0.4-1.zip'
Content type 'application/zip' length 356909 bytes (348 KB)
downloaded 348 KB

trying URL 'https://cran.rstudio.com/bin/windows/contrib/3.6/sp_1.4-0.zip'
Content type 'application/zip' length 1880357 bytes (1.8 MB)
downloaded 1.8 MB

trying URL 'https://cran.rstudio.com/bin/windows/contrib/3.6/curl_4.3.zip'
Content type 'application/zip' length 4129349 bytes (3.9 MB)
downloaded 3.9 MB

trying URL 'https://cran.rstudio.com/bin/windows/contrib/3.6/data.table_1.12.8.zip'
Content type 'application/zip' length 2277090 bytes (2.2 MB)
downloaded 2.2 MB

trying URL 'https://cran.rstudio.com/bin/windows/contrib/3.6/readxl_1.3.1.zip'
Content type 'application/zip' length 1524685 bytes (1.5 MB)
downloaded 1.5 MB

trying URL 'https://cran.rstudio.com/bin/windows/contrib/3.6/openxlsx_4.1.4.zip'
Content type 'application/zip' length 2573278 bytes (2.5 MB)
downloaded 2.5 MB

trying URL 'https://cran.rstudio.com/bin/windows/contrib/3.6/minqa_1.2.4.zip'
Content type 'application/zip' length 675512 bytes (659 KB)
downloaded 659 KB

trying URL 'https://cran.rstudio.com/bin/windows/contrib/3.6/nloptr_1.2.1.zip'
Content type 'application/zip' length 1072854 bytes (1.0 MB)
downloaded 1.0 MB

trying URL 'https://cran.rstudio.com/bin/windows/contrib/3.6/RcppEigen_0.3.3.7.0.zip'
Content type 'application/zip' length 2676436 bytes (2.6 MB)
downloaded 2.6 MB

trying URL 'https://cran.rstudio.com/bin/windows/contrib/3.6/carData_3.0-3.zip'
Content type 'application/zip' length 1817853 bytes (1.7 MB)
downloaded 1.7 MB

trying URL 'https://cran.rstudio.com/bin/windows/contrib/3.6/abind_1.4-5.zip'
Content type 'application/zip' length 63845 bytes (62 KB)
downloaded 62 KB

trying URL 'https://cran.rstudio.com/bin/windows/contrib/3.6/pbkrtest_0.4-8.6.zip'
Content type 'application/zip' length 276062 bytes (269 KB)
downloaded 269 KB

trying URL 'https://cran.rstudio.com/bin/windows/contrib/3.6/quantreg_5.54.zip'
Content type 'application/zip' length 1782177 bytes (1.7 MB)
downloaded 1.7 MB

trying URL 'https://cran.rstudio.com/bin/windows/contrib/3.6/maptools_0.9-9.zip'
Content type 'application/zip' length 2171698 bytes (2.1 MB)
downloaded 2.1 MB

trying URL 'https://cran.rstudio.com/bin/windows/contrib/3.6/rio_0.5.16.zip'
Content type 'application/zip' length 505395 bytes (493 KB)
downloaded 493 KB

trying URL 'https://cran.rstudio.com/bin/windows/contrib/3.6/lme4_1.1-21.zip'
Content type 'application/zip' length 5686293 bytes (5.4 MB)
downloaded 5.4 MB

trying URL 'https://cran.rstudio.com/bin/windows/contrib/3.6/car_3.0-6.zip'
Content type 'application/zip' length 1563559 bytes (1.5 MB)
downloaded 1.5 MB

package ‘rematch’ successfully unpacked and MD5 sums checked
package ‘prettyunits’ successfully unpacked and MD5 sums checked
package ‘cellranger’ successfully unpacked and MD5 sums checked
package ‘progress’ successfully unpacked and MD5 sums checked
package ‘zip’ successfully unpacked and MD5 sums checked
package ‘stringi’ successfully unpacked and MD5 sums checked
package ‘SparseM’ successfully unpacked and MD5 sums checked
package ‘MatrixModels’ successfully unpacked and MD5 sums checked
package ‘sp’ successfully unpacked and MD5 sums checked
package ‘curl’ successfully unpacked and MD5 sums checked
package ‘data.table’ successfully unpacked and MD5 sums checked
package ‘readxl’ successfully unpacked and MD5 sums checked
package ‘openxlsx’ successfully unpacked and MD5 sums checked
package ‘minqa’ successfully unpacked and MD5 sums checked
package ‘nloptr’ successfully unpacked and MD5 sums checked
package ‘RcppEigen’ successfully unpacked and MD5 sums checked
package ‘carData’ successfully unpacked and MD5 sums checked
package ‘abind’ successfully unpacked and MD5 sums checked
package ‘pbkrtest’ successfully unpacked and MD5 sums checked
package ‘quantreg’ successfully unpacked and MD5 sums checked
package ‘maptools’ successfully unpacked and MD5 sums checked
package ‘rio’ successfully unpacked and MD5 sums checked
package ‘lme4’ successfully unpacked and MD5 sums checked
package ‘car’ successfully unpacked and MD5 sums checked

The downloaded binary packages are in
	C:\Users\Shanmukh\AppData\Local\Temp\RtmpCANEjS\downloaded_packages
> library("car", lib.loc="~/R/win-library/3.5")
Error in library("car", lib.loc = "~/R/win-library/3.5") : 
  no library trees found in 'lib.loc'
> vif(ols)
Error in vif(ols) : could not find function "vif"
> summary(vif(ols))
Error in vif(ols) : could not find function "vif"
> library(car)
Loading required package: carData
> vif(ols)
                      GVIF Df GVIF^(1/(2*Df))
G2                4.033720  1        2.008412
G1                4.131139  1        2.032520
absences          1.080807  1        1.039619
factor_fail1      1.215179  1        1.102352
factor_schoolsup  1.121410  1        1.058967
factor_famsup     1.108098  1        1.052662
factor_romantic   1.147640  1        1.071279
factor_school     1.204435  1        1.097468
factor_studytime  1.329868  3        1.048660
factor_famrel     1.217700  4        1.024926
factor_health     1.232694  4        1.026495
factor_travel     1.263275  3        1.039720
factor_internet   1.104355  1        1.050883
factor_activities 1.043439  1        1.021489
> summary(vif(ols))
      GVIF             Df        GVIF^(1/(2*Df))
 Min.   :1.043   Min.   :1.000   Min.   :1.021  
 1st Qu.:1.111   1st Qu.:1.000   1st Qu.:1.040  
 Median :1.210   Median :1.000   Median :1.052  
 Mean   :1.588   Mean   :1.714   Mean   :1.191  
 3rd Qu.:1.256   3rd Qu.:2.500   3rd Qu.:1.091  
 Max.   :4.131   Max.   :4.000   Max.   :2.033  
> install.packages("lmtest")
WARNING: Rtools is required to build R packages but is not currently installed. Please download and install the appropriate version of Rtools before proceeding:

https://cran.rstudio.com/bin/windows/Rtools/
Installing package into ‘C:/Users/Shanmukh/Documents/R/win-library/3.6’
(as ‘lib’ is unspecified)
also installing the dependency ‘zoo’

trying URL 'https://cran.rstudio.com/bin/windows/contrib/3.6/zoo_1.8-7.zip'
Content type 'application/zip' length 1108097 bytes (1.1 MB)
downloaded 1.1 MB

trying URL 'https://cran.rstudio.com/bin/windows/contrib/3.6/lmtest_0.9-37.zip'
Content type 'application/zip' length 363415 bytes (354 KB)
downloaded 354 KB

package ‘zoo’ successfully unpacked and MD5 sums checked
package ‘lmtest’ successfully unpacked and MD5 sums checked

The downloaded binary packages are in
	C:\Users\Shanmukh\AppData\Local\Temp\RtmpCANEjS\downloaded_packages
> bptest(ols)
Error in bptest(ols) : could not find function "bptest"
> library(lmtest)
Loading required package: zoo

Attaching package: ‘zoo’

The following objects are masked from ‘package:base’:

    as.Date, as.Date.numeric

> bptest(ols)

	studentized Breusch-Pagan test

data:  ols
BP = 63.505, df = 24, p-value = 2.011e-05

> resettest(ols)

	RESET test

data:  ols
RESET = 5.3668, df1 = 2, df2 = 368, p-value = 0.005042

> install.packages("olsrr")
WARNING: Rtools is required to build R packages but is not currently installed. Please download and install the appropriate version of Rtools before proceeding:

https://cran.rstudio.com/bin/windows/Rtools/
Installing package into ‘C:/Users/Shanmukh/Documents/R/win-library/3.6’
(as ‘lib’ is unspecified)
also installing the dependencies ‘colorspace’, ‘plyr’, ‘stringr’, ‘farver’, ‘labeling’, ‘munsell’, ‘RColorBrewer’, ‘lifecycle’, ‘gtable’, ‘lazyeval’, ‘reshape2’, ‘scales’, ‘viridisLite’, ‘withr’, ‘ggplot2’, ‘goftest’, ‘gridExtra’, ‘nortest’

trying URL 'https://cran.rstudio.com/bin/windows/contrib/3.6/colorspace_1.4-1.zip'
Content type 'application/zip' length 2550276 bytes (2.4 MB)
downloaded 2.4 MB

trying URL 'https://cran.rstudio.com/bin/windows/contrib/3.6/plyr_1.8.5.zip'
Content type 'application/zip' length 1305082 bytes (1.2 MB)
downloaded 1.2 MB

trying URL 'https://cran.rstudio.com/bin/windows/contrib/3.6/stringr_1.4.0.zip'
Content type 'application/zip' length 216367 bytes (211 KB)
downloaded 211 KB

trying URL 'https://cran.rstudio.com/bin/windows/contrib/3.6/farver_2.0.3.zip'
Content type 'application/zip' length 1912808 bytes (1.8 MB)
downloaded 1.8 MB

trying URL 'https://cran.rstudio.com/bin/windows/contrib/3.6/labeling_0.3.zip'
Content type 'application/zip' length 62937 bytes (61 KB)
downloaded 61 KB

trying URL 'https://cran.rstudio.com/bin/windows/contrib/3.6/munsell_0.5.0.zip'
Content type 'application/zip' length 245716 bytes (239 KB)
downloaded 239 KB

trying URL 'https://cran.rstudio.com/bin/windows/contrib/3.6/RColorBrewer_1.1-2.zip'
Content type 'application/zip' length 55569 bytes (54 KB)
downloaded 54 KB

trying URL 'https://cran.rstudio.com/bin/windows/contrib/3.6/lifecycle_0.1.0.zip'
Content type 'application/zip' length 84766 bytes (82 KB)
downloaded 82 KB

trying URL 'https://cran.rstudio.com/bin/windows/contrib/3.6/gtable_0.3.0.zip'
Content type 'application/zip' length 434516 bytes (424 KB)
downloaded 424 KB

trying URL 'https://cran.rstudio.com/bin/windows/contrib/3.6/lazyeval_0.2.2.zip'
Content type 'application/zip' length 173385 bytes (169 KB)
downloaded 169 KB

trying URL 'https://cran.rstudio.com/bin/windows/contrib/3.6/reshape2_1.4.3.zip'
Content type 'application/zip' length 626595 bytes (611 KB)
downloaded 611 KB

trying URL 'https://cran.rstudio.com/bin/windows/contrib/3.6/scales_1.1.0.zip'
Content type 'application/zip' length 556764 bytes (543 KB)
downloaded 543 KB

trying URL 'https://cran.rstudio.com/bin/windows/contrib/3.6/viridisLite_0.3.0.zip'
Content type 'application/zip' length 60753 bytes (59 KB)
downloaded 59 KB

trying URL 'https://cran.rstudio.com/bin/windows/contrib/3.6/withr_2.1.2.zip'
Content type 'application/zip' length 152049 bytes (148 KB)
downloaded 148 KB

trying URL 'https://cran.rstudio.com/bin/windows/contrib/3.6/ggplot2_3.2.1.zip'
Content type 'application/zip' length 3976921 bytes (3.8 MB)
downloaded 3.8 MB

trying URL 'https://cran.rstudio.com/bin/windows/contrib/3.6/goftest_1.2-2.zip'
Content type 'application/zip' length 75410 bytes (73 KB)
downloaded 73 KB

trying URL 'https://cran.rstudio.com/bin/windows/contrib/3.6/gridExtra_2.3.zip'
Content type 'application/zip' length 1109585 bytes (1.1 MB)
downloaded 1.1 MB

trying URL 'https://cran.rstudio.com/bin/windows/contrib/3.6/nortest_1.0-4.zip'
Content type 'application/zip' length 39063 bytes (38 KB)
downloaded 38 KB

trying URL 'https://cran.rstudio.com/bin/windows/contrib/3.6/olsrr_0.5.3.zip'
Content type 'application/zip' length 2533615 bytes (2.4 MB)
downloaded 2.4 MB

package ‘colorspace’ successfully unpacked and MD5 sums checked
package ‘plyr’ successfully unpacked and MD5 sums checked
package ‘stringr’ successfully unpacked and MD5 sums checked
package ‘farver’ successfully unpacked and MD5 sums checked
package ‘labeling’ successfully unpacked and MD5 sums checked
package ‘munsell’ successfully unpacked and MD5 sums checked
package ‘RColorBrewer’ successfully unpacked and MD5 sums checked
package ‘lifecycle’ successfully unpacked and MD5 sums checked
package ‘gtable’ successfully unpacked and MD5 sums checked
package ‘lazyeval’ successfully unpacked and MD5 sums checked
package ‘reshape2’ successfully unpacked and MD5 sums checked
package ‘scales’ successfully unpacked and MD5 sums checked
package ‘viridisLite’ successfully unpacked and MD5 sums checked
package ‘withr’ successfully unpacked and MD5 sums checked
package ‘ggplot2’ successfully unpacked and MD5 sums checked
package ‘goftest’ successfully unpacked and MD5 sums checked
package ‘gridExtra’ successfully unpacked and MD5 sums checked
package ‘nortest’ successfully unpacked and MD5 sums checked
package ‘olsrr’ successfully unpacked and MD5 sums checked

The downloaded binary packages are in
	C:\Users\Shanmukh\AppData\Local\Temp\RtmpCANEjS\downloaded_packages
> library(olsrr)

Attaching package: ‘olsrr’

The following object is masked from ‘package:datasets’:

    rivers

> library(goftest)
> ols_test_normality(ols)
-----------------------------------------------
       Test             Statistic       pvalue  
-----------------------------------------------
Shapiro-Wilk              0.8222         0.0000 
Kolmogorov-Smirnov        0.1435         0.0000 
Cramer-von Mises         17.3312         0.0000 
Anderson-Darling         16.5687         0.0000 
-----------------------------------------------
> install.packages("sandwich")
WARNING: Rtools is required to build R packages but is not currently installed. Please download and install the appropriate version of Rtools before proceeding:

https://cran.rstudio.com/bin/windows/Rtools/
Installing package into ‘C:/Users/Shanmukh/Documents/R/win-library/3.6’
(as ‘lib’ is unspecified)
trying URL 'https://cran.rstudio.com/bin/windows/contrib/3.6/sandwich_2.5-1.zip'
Content type 'application/zip' length 1382472 bytes (1.3 MB)
downloaded 1.3 MB

package ‘sandwich’ successfully unpacked and MD5 sums checked

The downloaded binary packages are in
	C:\Users\Shanmukh\AppData\Local\Temp\RtmpCANEjS\downloaded_packages
> library(sandwich)
> coeftest(ols, vcov = vcovHC(ols, "HC0"))

t test of coefficients:

                      Estimate Std. Error t value  Pr(>|t|)    
(Intercept)          -2.143825   0.681932 -3.1438 0.0018027 ** 
G2                    0.971266   0.033075 29.3654 < 2.2e-16 ***
G1                    0.170760   0.046515  3.6711 0.0002771 ***
absences              0.047161   0.015556  3.0317 0.0026027 ** 
factor_fail1         -0.758411   0.309574 -2.4499 0.0147542 *  
factor_schoolsupyes   0.507126   0.273897  1.8515 0.0648915 .  
factor_famsupyes      0.179673   0.192829  0.9318 0.3520595    
factor_romanticyes   -0.427740   0.222085 -1.9260 0.0548686 .  
factor_schoolMS       0.217806   0.260476  0.8362 0.4035896    
factor_studytime2    -0.156224   0.204099 -0.7654 0.4445030    
factor_studytime3    -0.128980   0.239446 -0.5387 0.5904468    
factor_studytime4    -0.910780   0.541100 -1.6832 0.0931795 .  
factor_famrel2       -0.622216   0.813967 -0.7644 0.4451016    
factor_famrel3        0.265570   0.594158  0.4470 0.6551599    
factor_famrel4        0.410237   0.555613  0.7383 0.4607704    
factor_famrel5        0.796225   0.568427  1.4008 0.1621268    
factor_health2       -0.564178   0.467802 -1.2060 0.2285810    
factor_health3        0.238570   0.309525  0.7708 0.4413408    
factor_health4        0.087399   0.345929  0.2527 0.8006784    
factor_health5        0.158443   0.277750  0.5705 0.5687177    
factor_travel2       -0.031919   0.214930 -0.1485 0.8820210    
factor_travel3       -0.086877   0.342828 -0.2534 0.8000911    
factor_travel4        1.355961   0.425357  3.1878 0.0015555 ** 
factor_internetyes   -0.113165   0.250280 -0.4522 0.6514222    
factor_activitiesyes -0.261024   0.184270 -1.4165 0.1574617    
---
Signif. codes:  0 ‘***’ 0.001 ‘**’ 0.01 ‘*’ 0.05 ‘.’ 0.1 ‘ ’ 1

> linearHypothesis(model, c("factor_studytime2=1", "factor_studytime3=2", "factor_studytime4=3"))
Linear hypothesis test

Hypothesis:
factor_studytime2 = 1
factor_studytime3 = 2
factor_studytime4 = 3

Model 1: restricted model
Model 2: G3 ~ G2 + G1 + absences + factor_fail1 + factor_schoolsup + factor_famsup + 
    factor_romantic + factor_school + factor_studytime + factor_famrel + 
    factor_health + factor_travel + factor_internet + factor_activities

  Res.Df    RSS Df Sum of Sq      F    Pr(>F)    
1    291 1259.7                                  
2    288 1002.0  3    257.74 24.695 3.005e-14 ***
---
Signif. codes:  0 ‘***’ 0.001 ‘**’ 0.01 ‘*’ 0.05 ‘.’ 0.1 ‘ ’ 1
> linearHypothesis(model, c("factor_health2=0.5", "factor_health3=1", "factor_health4=1.5", "factor_health5=2"))
Linear hypothesis test

Hypothesis:
factor_health2 = 0.5
factor_health3 = 1
factor_health4 = 1.5
factor_health5 = 2

Model 1: restricted model
Model 2: G3 ~ G2 + G1 + absences + factor_fail1 + factor_schoolsup + factor_famsup + 
    factor_romantic + factor_school + factor_studytime + factor_famrel + 
    factor_health + factor_travel + factor_internet + factor_activities

  Res.Df    RSS Df Sum of Sq     F    Pr(>F)    
1    292 1093.7                                 
2    288 1002.0  4    91.694 6.589 4.367e-05 ***
---
Signif. codes:  0 ‘***’ 0.001 ‘**’ 0.01 ‘*’ 0.05 ‘.’ 0.1 ‘ ’ 1
> summary(ols)

Call:
lm(formula = G3 ~ G2 + G1 + absences + factor_fail1 + factor_schoolsup + 
    factor_famsup + factor_romantic + factor_school + factor_studytime + 
    factor_famrel + factor_health + factor_travel + factor_internet + 
    factor_activities, data = student_mat)

Residuals:
    Min      1Q  Median      3Q     Max 
-9.0032 -0.5312  0.2556  1.0227  3.8744 

Coefficients:
                     Estimate Std. Error t value Pr(>|t|)    
(Intercept)          -2.14383    0.85973  -2.494 0.013081 *  
G2                    0.97127    0.04991  19.458  < 2e-16 ***
G1                    0.17076    0.05725   2.983 0.003044 ** 
absences              0.04716    0.01214   3.884 0.000122 ***
factor_fail1         -0.75841    0.25263  -3.002 0.002864 ** 
factor_schoolsupyes   0.50713    0.29485   1.720 0.086280 .  
factor_famsupyes      0.17967    0.20175   0.891 0.373745    
factor_romanticyes   -0.42774    0.21204  -2.017 0.044393 *  
factor_schoolMS       0.21781    0.31944   0.682 0.495764    
factor_studytime2    -0.15622    0.23536  -0.664 0.507260    
factor_studytime3    -0.12898    0.31455  -0.410 0.682012    
factor_studytime4    -0.91078    0.42128  -2.162 0.031262 *  
factor_famrel2       -0.62222    0.81584  -0.763 0.446149    
factor_famrel3        0.26557    0.72149   0.368 0.713019    
factor_famrel4        0.41024    0.69711   0.588 0.556567    
factor_famrel5        0.79622    0.70724   1.126 0.260969    
factor_health2       -0.56418    0.39447  -1.430 0.153496    
factor_health3        0.23857    0.34794   0.686 0.493355    
factor_health4        0.08740    0.36832   0.237 0.812560    
factor_health5        0.15844    0.32228   0.492 0.623269    
factor_travel2       -0.03192    0.22342  -0.143 0.886475    
factor_travel3       -0.08688    0.42729  -0.203 0.838998    
factor_travel4        1.35596    0.68264   1.986 0.047733 *  
factor_internetyes   -0.11317    0.26301  -0.430 0.667247    
factor_activitiesyes -0.26102    0.19077  -1.368 0.172069    
---
Signif. codes:  0 ‘***’ 0.001 ‘**’ 0.01 ‘*’ 0.05 ‘.’ 0.1 ‘ ’ 1

Residual standard error: 1.856 on 370 degrees of freedom
Multiple R-squared:  0.8459,	Adjusted R-squared:  0.836 
F-statistic: 84.66 on 24 and 370 DF,  p-value: < 2.2e-16

> linearHypothesis(model, c("factor_studytime2=0", "factor_studytime3=0", "factor_studytime4=0"))
Linear hypothesis test

Hypothesis:
factor_studytime2 = 0
factor_studytime3 = 0
factor_studytime4 = 0

Model 1: restricted model
Model 2: G3 ~ G2 + G1 + absences + factor_fail1 + factor_schoolsup + factor_famsup + 
    factor_romantic + factor_school + factor_studytime + factor_famrel + 
    factor_health + factor_travel + factor_internet + factor_activities

  Res.Df    RSS Df Sum of Sq      F Pr(>F)
1    291 1008.7                           
2    288 1002.0  3    6.7686 0.6485 0.5845
> linearHypothesis(model, c("factor_health2=0", "factor_health3=0", "factor_health4=0", "factor_health5=0"))
Linear hypothesis test

Hypothesis:
factor_health2 = 0
factor_health3 = 0
factor_health4 = 0
factor_health5 = 0

Model 1: restricted model
Model 2: G3 ~ G2 + G1 + absences + factor_fail1 + factor_schoolsup + factor_famsup + 
    factor_romantic + factor_school + factor_studytime + factor_famrel + 
    factor_health + factor_travel + factor_internet + factor_activities

  Res.Df    RSS Df Sum of Sq      F Pr(>F)
1    292 1018.6                           
2    288 1002.0  4    16.687 1.1991 0.3114